<area shape="rect" href="$_bytes_message_8h.html" title="src/main/cms/BytesMessage.h" alt="" coords="144,316,379,343">
<area shape="rect" href="$_session_8h.html" title="src/main/cms/Session.h" alt="" coords="1151,393,1337,420">
<area shape="rect" href="$_connection_8h.html" title="src/main/cms/Connection.h" alt="" coords="1136,471,1352,497">
<area shape="rect" href="$_connection_factory_8h.html" title="src/main/cms/ConnectionFactory.h" alt="" coords="1109,548,1379,575">
<area shape="rect" href="$_closeable_8h.html" title="src/main/cms/Closeable.h" alt="" coords="501,239,707,265">
<area shape="rect" href="$_message_consumer_8h.html" title="src/main/cms/MessageConsumer.h" alt="" coords="403,316,672,343">
<area shape="rect" href="$_message_producer_8h.html" title="src/main/cms/MessageProducer.h" alt="" coords="797,316,1056,343">
<area shape="rect" href="$_c_m_s_exception_8h.html" title="src/main/cms/CMSException.h" alt="" coords="1665,161,1900,188">
<area shape="rect" href="$_exception_listener_8h.html" title="src/main/cms/ExceptionListener.h" alt="" coords="2821,239,3083,265">
<area shape="rect" href="$_message_8h.html" title="src/main/cms/Message.h" alt="" coords="883,239,1077,265">
<area shape="rect" href="$_map_message_8h.html" title="src/main/cms/MapMessage.h" alt="" coords="1131,316,1357,343">
<area shape="rect" href="$_object_message_8h.html" title="src/main/cms/ObjectMessage.h" alt="" coords="1896,316,2139,343">
<area shape="rect" href="$_text_message_8h.html" title="src/main/cms/TextMessage.h" alt="" coords="1381,316,1608,343">
<area shape="rect" href="$_queue_8h.html" title="src/main/cms/Queue.h" alt="" coords="1203,239,1384,265">
<area shape="rect" href="$_startable_8h.html" title="src/main/cms/Startable.h" alt="" coords="2365,239,2565,265">
<area shape="rect" href="$_stoppable_8h.html" title="src/main/cms/Stoppable.h" alt="" coords="2589,239,2797,265">
<area shape="rect" href="$_temporary_queue_8h.html" title="src/main/cms/TemporaryQueue.h" alt="" coords="1408,239,1669,265">
<area shape="rect" href="$_temporary_topic_8h.html" title="src/main/cms/TemporaryTopic.h" alt="" coords="1896,239,2147,265">
<area shape="rect" href="$_topic_8h.html" title="src/main/cms/Topic.h" alt="" coords="2171,239,2341,265">
<area shape="rect" href="$_c_m_s_properties_8h.html" title="src/main/cms/CMSProperties.h" alt="" coords="965,84,1203,111">
<area shape="rect" href="$_destination_8h.html" title="src/main/cms/Destination.h" alt="" coords="987,161,1203,188">
<area shape="rect" href="$_delivery_mode_8h.html" title="src/main/cms/DeliveryMode.h" alt="" coords="731,161,963,188">
<area shape="rect" href="$_message_listener_8h.html" title="src/main/cms/MessageListener.h" alt="" coords="451,84,704,111">
