<area shape="rect" href="$_destination_8h.html" title="src/main/cms/Destination.h" alt="" coords="1435,84,1651,111">
<area shape="rect" href="$_message_8h.html" title="src/main/cms/Message.h" alt="" coords="743,161,937,188">
<area shape="rect" href="$_message_producer_8h.html" title="src/main/cms/MessageProducer.h" alt="" coords="1376,239,1635,265">
<area shape="rect" href="$_queue_8h.html" title="src/main/cms/Queue.h" alt="" coords="1329,161,1511,188">
<area shape="rect" href="$_temporary_queue_8h.html" title="src/main/cms/TemporaryQueue.h" alt="" coords="1535,161,1796,188">
<area shape="rect" href="$_temporary_topic_8h.html" title="src/main/cms/TemporaryTopic.h" alt="" coords="1820,161,2071,188">
<area shape="rect" href="$_topic_8h.html" title="src/main/cms/Topic.h" alt="" coords="2095,161,2265,188">
<area shape="rect" href="$_bytes_message_8h.html" title="src/main/cms/BytesMessage.h" alt="" coords="5,239,240,265">
<area shape="rect" href="$_session_8h.html" title="src/main/cms/Session.h" alt="" coords="1279,316,1465,343">
<area shape="rect" href="$_map_message_8h.html" title="src/main/cms/MapMessage.h" alt="" coords="315,239,541,265">
<area shape="rect" href="$_message_consumer_8h.html" title="src/main/cms/MessageConsumer.h" alt="" coords="565,239,835,265">
<area shape="rect" href="$_object_message_8h.html" title="src/main/cms/ObjectMessage.h" alt="" coords="859,239,1101,265">
<area shape="rect" href="$_text_message_8h.html" title="src/main/cms/TextMessage.h" alt="" coords="1125,239,1352,265">
<area shape="rect" href="$_connection_8h.html" title="src/main/cms/Connection.h" alt="" coords="1264,393,1480,420">
<area shape="rect" href="$_connection_factory_8h.html" title="src/main/cms/ConnectionFactory.h" alt="" coords="1237,471,1507,497">
