<area shape="rect" href="$_closeable_8h.html" title="src/main/cms/Closeable.h" alt="" coords="227,84,432,111">
<area shape="rect" href="$_connection_factory_8h.html" title="src/main/cms/ConnectionFactory.h" alt="" coords="557,393,827,420">
<area shape="rect" href="$_session_8h.html" title="src/main/cms/Session.h" alt="" coords="1285,239,1472,265">
<area shape="rect" href="$_message_producer_8h.html" title="src/main/cms/MessageProducer.h" alt="" coords="488,161,747,188">
<area shape="rect" href="$_exception_listener_8h.html" title="src/main/cms/ExceptionListener.h" alt="" coords="2541,84,2803,111">
<area shape="rect" href="$_message_8h.html" title="src/main/cms/Message.h" alt="" coords="1125,84,1320,111">
<area shape="rect" href="$_text_message_8h.html" title="src/main/cms/TextMessage.h" alt="" coords="1597,161,1824,188">
<area shape="rect" href="$_queue_8h.html" title="src/main/cms/Queue.h" alt="" coords="1848,161,2029,188">
<area shape="rect" href="$_startable_8h.html" title="src/main/cms/Startable.h" alt="" coords="1875,239,2075,265">
<area shape="rect" href="$_stoppable_8h.html" title="src/main/cms/Stoppable.h" alt="" coords="2288,239,2496,265">
<area shape="rect" href="$_temporary_queue_8h.html" title="src/main/cms/TemporaryQueue.h" alt="" coords="2053,161,2315,188">
<area shape="rect" href="$_temporary_topic_8h.html" title="src/main/cms/TemporaryTopic.h" alt="" coords="1971,84,2221,111">
<area shape="rect" href="$_topic_8h.html" title="src/main/cms/Topic.h" alt="" coords="2245,84,2416,111">
<area shape="rect" href="$_connection_8h.html" title="src/main/cms/Connection.h" alt="" coords="1271,316,1487,343">
<area shape="rect" href="$_message_consumer_8h.html" title="src/main/cms/MessageConsumer.h" alt="" coords="195,161,464,188">
<area shape="rect" href="$_bytes_message_8h.html" title="src/main/cms/BytesMessage.h" alt="" coords="1339,161,1573,188">
<area shape="rect" href="$_map_message_8h.html" title="src/main/cms/MapMessage.h" alt="" coords="771,161,997,188">
<area shape="rect" href="$_object_message_8h.html" title="src/main/cms/ObjectMessage.h" alt="" coords="1021,161,1264,188">
