<area shape="rect" href="$src_2main_2cms_2config_8h.html" title="cms/Config.h" alt="" coords="1096,471,1211,497">
<area shape="rect" href="$_startable_8h.html" title="cms/Startable.h" alt="" coords="1629,239,1763,265">
<area shape="rect" href="$_stoppable_8h.html" title="cms/Stoppable.h" alt="" coords="1837,239,1979,265">
<area shape="rect" href="$_closeable_8h.html" title="cms/Closeable.h" alt="" coords="1213,239,1352,265">
<area shape="rect" href="$_session_8h.html" title="cms/Session.h" alt="" coords="965,84,1088,111">
<area shape="rect" href="$_c_m_s_exception_8h.html" title="cms/CMSException.h" alt="" coords="680,316,851,343">
<area shape="rect" href="$_message_8h.html" title="cms/Message.h" alt="" coords="1008,239,1139,265">
<area shape="rect" href="$_text_message_8h.html" title="cms/TextMessage.h" alt="" coords="677,161,837,188">
<area shape="rect" href="$_bytes_message_8h.html" title="cms/BytesMessage.h" alt="" coords="1595,161,1763,188">
<area shape="rect" href="$_map_message_8h.html" title="cms/MapMessage.h" alt="" coords="1411,161,1571,188">
<area shape="rect" href="$_message_producer_8h.html" title="cms/MessageProducer.h" alt="" coords="861,161,1056,188">
<area shape="rect" href="$_message_consumer_8h.html" title="cms/MessageConsumer.h" alt="" coords="1181,161,1387,188">
<area shape="rect" href="$_topic_8h.html" title="cms/Topic.h" alt="" coords="624,239,731,265">
<area shape="rect" href="$_queue_8h.html" title="cms/Queue.h" alt="" coords="5,239,123,265">
<area shape="rect" href="$_temporary_topic_8h.html" title="cms/TemporaryTopic.h" alt="" coords="147,239,331,265">
<area shape="rect" href="$_temporary_queue_8h.html" title="cms/TemporaryQueue.h" alt="" coords="405,239,600,265">
<area shape="rect" href="$_destination_8h.html" title="cms/Destination.h" alt="" coords="405,316,555,343">
<area shape="rect" href="$_delivery_mode_8h.html" title="cms/DeliveryMode.h" alt="" coords="925,316,1091,343">
<area shape="rect" href="$_c_m_s_properties_8h.html" title="cms/CMSProperties.h" alt="" coords="109,393,280,420">
<area shape="rect" href="$_message_listener_8h.html" title="cms/MessageListener.h" alt="" coords="1317,316,1504,343">
