<area shape="rect" href="$classcms_1_1_closeable.html" title="Interface for a class that implements the close method." alt="" coords="7,120,137,147">
<area shape="rect" href="$classcms_1_1_connection.html" title="The client&#39;s connection to its provider." alt="" coords="215,31,356,57">
<area shape="rect" href="$classcms_1_1_message_consumer.html" title="A client uses a MessageConsumer to received messages from a destination." alt="" coords="188,81,383,108">
<area shape="rect" href="$classcms_1_1_message_producer.html" title="A client uses a MessageProducer object to send messages to a destination." alt="" coords="193,132,377,159">
<area shape="rect" href="$classcms_1_1_session.html" title="A Session object is a single&#45;threaded context for producing and consuming messages..." alt="" coords="229,183,341,209">
<area shape="rect" href="$classcms_1_1_startable.html" title="Interface for a class that implements the start method." alt="" coords="9,5,135,32">
<area shape="rect" href="$classcms_1_1_stoppable.html" title="Interface for a class that implements the stop method." alt="" coords="5,56,139,83">
