<area shape="rect" href="$_message_8h.html" title="src/main/cms/Message.h" alt="" coords="743,84,937,111">
<area shape="rect" href="$_message_producer_8h.html" title="src/main/cms/MessageProducer.h" alt="" coords="1376,161,1635,188">
<area shape="rect" href="$_bytes_message_8h.html" title="src/main/cms/BytesMessage.h" alt="" coords="5,161,240,188">
<area shape="rect" href="$_session_8h.html" title="src/main/cms/Session.h" alt="" coords="471,239,657,265">
<area shape="rect" href="$_map_message_8h.html" title="src/main/cms/MapMessage.h" alt="" coords="315,161,541,188">
<area shape="rect" href="$_message_consumer_8h.html" title="src/main/cms/MessageConsumer.h" alt="" coords="565,161,835,188">
<area shape="rect" href="$_object_message_8h.html" title="src/main/cms/ObjectMessage.h" alt="" coords="859,161,1101,188">
<area shape="rect" href="$_text_message_8h.html" title="src/main/cms/TextMessage.h" alt="" coords="1125,161,1352,188">
<area shape="rect" href="$_connection_8h.html" title="src/main/cms/Connection.h" alt="" coords="456,316,672,343">
<area shape="rect" href="$_connection_factory_8h.html" title="src/main/cms/ConnectionFactory.h" alt="" coords="429,393,699,420">
