<area shape="rect" href="$src_2main_2cms_2config_8h.html" title="cms/Config.h" alt="" coords="780,393,895,420">
<area shape="rect" href="$_closeable_8h.html" title="cms/Closeable.h" alt="" coords="807,161,945,188">
<area shape="rect" href="$_c_m_s_exception_8h.html" title="cms/CMSException.h" alt="" coords="1085,239,1256,265">
<area shape="rect" href="$_message_8h.html" title="cms/Message.h" alt="" coords="601,161,732,188">
<area shape="rect" href="$_text_message_8h.html" title="cms/TextMessage.h" alt="" coords="705,84,865,111">
<area shape="rect" href="$_bytes_message_8h.html" title="cms/BytesMessage.h" alt="" coords="279,84,447,111">
<area shape="rect" href="$_map_message_8h.html" title="cms/MapMessage.h" alt="" coords="471,84,631,111">
<area shape="rect" href="$_message_producer_8h.html" title="cms/MessageProducer.h" alt="" coords="940,84,1135,111">
<area shape="rect" href="$_message_consumer_8h.html" title="cms/MessageConsumer.h" alt="" coords="49,84,255,111">
<area shape="rect" href="$_topic_8h.html" title="cms/Topic.h" alt="" coords="1172,161,1279,188">
<area shape="rect" href="$_queue_8h.html" title="cms/Queue.h" alt="" coords="1303,161,1420,188">
<area shape="rect" href="$_temporary_topic_8h.html" title="cms/TemporaryTopic.h" alt="" coords="1444,161,1628,188">
<area shape="rect" href="$_temporary_queue_8h.html" title="cms/TemporaryQueue.h" alt="" coords="1703,161,1897,188">
<area shape="rect" href="$_destination_8h.html" title="cms/Destination.h" alt="" coords="1468,239,1617,265">
<area shape="rect" href="$_delivery_mode_8h.html" title="cms/DeliveryMode.h" alt="" coords="755,239,920,265">
<area shape="rect" href="$_c_m_s_properties_8h.html" title="cms/CMSProperties.h" alt="" coords="1569,316,1740,343">
<area shape="rect" href="$_message_listener_8h.html" title="cms/MessageListener.h" alt="" coords="207,239,393,265">
